// Jest Snapshot v1, https://goo.gl/fbAQLP

exports[`Navbar component renders the NavBar 1`] = `
<ul
  className="navbar"
>
  <li>
    <Link
      to="/"
    >
      Home
    </Link>
  </li>
  <li>
    <Link
      to="/aboutus"
    >
      About Us
    </Link>
  </li>
  <li>
    <Link
      to="/find"
    >
      Find a Pupper
    </Link>
  </li>
  <li>
    <Link
      to="/login"
    >
      Log in
    </Link>
  </li>
  <img
    alt="paw"
    src="paw.png"
  />
</ul>
`;
